[2026-08-08 00:45:23] === sync start ===
git.exe : From https://github.com/VerticalFall/obsidian-vault
At C:\Users\user\Documents\Obsidian Vault\01_内容系统\系统\scripts\sync-vault.ps1:18 char:1
+ & $git -C $repo pull --ff-only origin vault-backup *>> $log
+ ~~~~~~~~~~~~~~~~~~~~~~~~~~~~~~~~~~~~~~~~~~~~~~~~~~~~~~~~~~~
    + CategoryInfo          : NotSpecified: (From https://gi.../obsidian-vault:String) [], RemoteException
    + FullyQualifiedErrorId : NativeCommandError
 
 * branch            vault-backup -> FETCH_HEAD
Already up to date.
git.exe : warning: in the working copy of '01_内容系统/系统/改进提案/2026-08-08-改进提案.md', LF will be replaced by CRLF the next ti
me Git touches it
At C:\Users\user\Documents\Obsidian Vault\01_内容系统\系统\scripts\sync-vault.ps1:35 char:1
+ & $git -C $repo add -A *>> $log
+ ~~~~~~~~~~~~~~~~~~~~~~~~~~~~~~~
    + CategoryInfo          : NotSpecified: (warning: in the... Git touches it:String) [], RemoteException
    + FullyQualifiedErrorId : NativeCommandError
 
warning: in the working copy of '01_内容系统/系统/inbox/测试-本地推送.md', LF will be replaced by CRLF the next time Git touches it
warning: in the working copy of '01_内容系统/系统/scripts/sync-vault.ps1', LF will be replaced by CRLF the next time Git touc
hes it
[main 30a1ad0] backup: 每日同步 2026-08-08
 4 files changed, 67 insertions(+), 1 deletion(-)
 create mode 100644 "01_\345\206\205\345\256\271\347\263\273\347\273\237/\347\263\273\347\273\237/inbox/\346\265\213\350\257\225-\346\234\254\345\234\260\346\216\250\351\200\201.md"
 create mode 100644 "01_\345\206\205\345\256\271\347\263\273\347\273\237/\347\263\273\347\273\237/scripts/sync-vault.log"
 create mode 100644 "01_\345\206\205\345\256\271\347\263\273\347\273\237/\347\263\273\347\273\237/scripts/sync-vault.ps1"
git.exe : To https://github.com/VerticalFall/obsidian-vault.git
At C:\Users\user\Documents\Obsidian Vault\01_内容系统\系统\scripts\sync-vault.ps1:41 char:5
+     & $git -C $repo push origin main:vault-backup *>> $log
+     ~~~~~~~~~~~~~~~~~~~~~~~~~~~~~~~~~~~~~~~~~~~~~~~~~~~~~~
    + CategoryInfo          : NotSpecified: (To https://gith...idian-vault.git:String) [], RemoteException
    + FullyQualifiedErrorId : NativeCommandError
 
   fdc7b0b..30a1ad0  main -> vault-backup
[2026-08-08 00:45:23] === sync done ===
[2026-08-08 00:45:55] === sync start ===
git.exe : From https://github.com/VerticalFall/obsidian-vault
At C:\Users\user\Documents\Obsidian Vault\01_内容系统\系统\scripts\sync-vault.ps1:18 char:1
+ & $git -C $repo pull --ff-only origin vault-backup *>> $log
+ ~~~~~~~~~~~~~~~~~~~~~~~~~~~~~~~~~~~~~~~~~~~~~~~~~~~~~~~~~~~
    + CategoryInfo          : NotSpecified: (From https://gi.../obsidian-vault:String) [], RemoteException
    + FullyQualifiedErrorId : NativeCommandError
 
 * branch            vault-backup -> FETCH_HEAD
   30a1ad0..0945559  vault-backup -> origin/vault-backup
Updating 30a1ad0..0945559
Fast-forward
 ...50\257\225-\350\277\234\347\250\213\345\206\231\345\205\245.md" | 7 +++++++
 1 file changed, 7 insertions(+)
 create mode 100644 "01_\345\206\205\345\256\271\347\263\273\347\273\237/\347\263\273\347\273\237/inbox/\346\265\213\350\257\225-\350\277\234\347\250\213\345\206\231\345\205\245.md"
[main a544ae3] backup: 每日同步 2026-08-08
 1 file changed, 40 insertions(+)
git.exe : To https://github.com/VerticalFall/obsidian-vault.git
At C:\Users\user\Documents\Obsidian Vault\01_内容系统\系统\scripts\sync-vault.ps1:41 char:5
+     & $git -C $repo push origin main:vault-backup *>> $log
+     ~~~~~~~~~~~~~~~~~~~~~~~~~~~~~~~~~~~~~~~~~~~~~~~~~~~~~~
    + CategoryInfo          : NotSpecified: (To https://gith...idian-vault.git:String) [], RemoteException
    + FullyQualifiedErrorId : NativeCommandError
 
   0945559..a544ae3  main -> vault-backup
[2026-08-08 00:45:55] === sync done ===
[2026-08-08 00:46:10] === sync start ===
git.exe : From https://github.com/VerticalFall/obsidian-vault
At C:\Users\user\Documents\Obsidian Vault\01_内容系统\系统\scripts\sync-vault.ps1:18 char:1
+ & $git -C $repo pull --ff-only origin vault-backup *>> $log
+ ~~~~~~~~~~~~~~~~~~~~~~~~~~~~~~~~~~~~~~~~~~~~~~~~~~~~~~~~~~~
    + CategoryInfo          : NotSpecified: (From https://gi.../obsidian-vault:String) [], RemoteException
    + FullyQualifiedErrorId : NativeCommandError
 
 * branch            vault-backup -> FETCH_HEAD
Already up to date.
[main df74f87] backup: 每日同步 2026-08-08
 2 files changed, 22 insertions(+)
 create mode 100644 "01_\345\206\205\345\256\271\347\263\273\347\273\237/\347\263\273\347\273\237/inbox/\346\265\213\350\257\225-\345\206\262\347\252\201.md"
git.exe : To https://github.com/VerticalFall/obsidian-vault.git
At C:\Users\user\Documents\Obsidian Vault\01_内容系统\系统\scripts\sync-vault.ps1:41 char:5
+     & $git -C $repo push origin main:vault-backup *>> $log
+     ~~~~~~~~~~~~~~~~~~~~~~~~~~~~~~~~~~~~~~~~~~~~~~~~~~~~~~
    + CategoryInfo          : NotSpecified: (To https://gith...idian-vault.git:String) [], RemoteException
    + FullyQualifiedErrorId : NativeCommandError
 
   a544ae3..df74f87  main -> vault-backup
[2026-08-08 00:46:10] === sync done ===
[2026-08-08 00:46:29] === sync start ===
git.exe : From https://github.com/VerticalFall/obsidian-vault
At C:\Users\user\Documents\Obsidian Vault\01_内容系统\系统\scripts\sync-vault.ps1:18 char:1
+ & $git -C $repo pull --ff-only origin vault-backup *>> $log
+ ~~~~~~~~~~~~~~~~~~~~~~~~~~~~~~~~~~~~~~~~~~~~~~~~~~~~~~~~~~~
    + CategoryInfo          : NotSpecified: (From https://gi.../obsidian-vault:String) [], RemoteException
    + FullyQualifiedErrorId : NativeCommandError
 
 * branch            vault-backup -> FETCH_HEAD
Already up to date.
[main 5487811] backup: 每日同步 2026-08-08
 2 files changed, 23 insertions(+), 1 deletion(-)
git.exe : To https://github.com/VerticalFall/obsidian-vault.git
At C:\Users\user\Documents\Obsidian Vault\01_内容系统\系统\scripts\sync-vault.ps1:41 char:5
+     & $git -C $repo push origin main:vault-backup *>> $log
+     ~~~~~~~~~~~~~~~~~~~~~~~~~~~~~~~~~~~~~~~~~~~~~~~~~~~~~~
    + CategoryInfo          : NotSpecified: (To https://gith...idian-vault.git:String) [], RemoteException
    + FullyQualifiedErrorId : NativeCommandError
 
   df74f87..5487811  main -> vault-backup
[2026-08-08 00:46:29] === sync done ===
[2026-08-08 00:46:52] === sync start ===
git.exe : From https://github.com/VerticalFall/obsidian-vault
At C:\Users\user\Documents\Obsidian Vault\01_内容系统\系统\scripts\sync-vault.ps1:18 char:1
+ & $git -C $repo pull --ff-only origin vault-backup *>> $log
+ ~~~~~~~~~~~~~~~~~~~~~~~~~~~~~~~~~~~~~~~~~~~~~~~~~~~~~~~~~~~
    + CategoryInfo          : NotSpecified: (From https://gi.../obsidian-vault:String) [], RemoteException
    + FullyQualifiedErrorId : NativeCommandError
 
 * branch            vault-backup -> FETCH_HEAD
   5487811..d3121d6  vault-backup -> origin/vault-backup
error: Your local changes to the following files would be overwritten by merge:
	01_内容系统/系统/inbox/测试-冲突.md
Please commit your changes or stash them before you merge.
Aborting
Updating 5487811..d3121d6
[2026-08-08 00:46:52] pull blocked, stash-and-retry...
Saved working directory and index state On main: sync-auto-20260808-004654
git.exe : error: unable to unlink old '01_内容系统/系统/scripts/sync-vault.log': Invalid argument
At C:\Users\user\Documents\Obsidian Vault\01_内容系统\系统\scripts\sync-vault.ps1:22 char:5
+     & $git -C $repo stash push -u -m "sync-auto-$(Get-Date -Format 'y ...
+     ~~~~~~~~~~~~~~~~~~~~~~~~~~~~~~~~~~~~~~~~~~~~~~~~~~~~~~~~~~~~~~~~~
    + CategoryInfo          : NotSpecified: (error: unable t...nvalid argument:String) [], RemoteException
    + FullyQualifiedErrorId : NativeCommandError
 
fatal: Could not reset index file to revision 'HEAD'.
git.exe : From https://github.com/VerticalFall/obsidian-vault
At C:\Users\user\Documents\Obsidian Vault\01_内容系统\系统\scripts\sync-vault.ps1:23 char:5
+     & $git -C $repo pull --ff-only origin vault-backup *>> $log
+     ~~~~~~~~~~~~~~~~~~~~~~~~~~~~~~~~~~~~~~~~~~~~~~~~~~~~~~~~~~~
    + CategoryInfo          : NotSpecified: (From https://gi.../obsidian-vault:String) [], RemoteException
    + FullyQualifiedErrorId : NativeCommandError
 
 * branch            vault-backup -> FETCH_HEAD
Updating 5487811..d3121d6
Fast-forward
 .../inbox/\346\265\213\350\257\225-\345\206\262\347\252\201.md"         | 2 +-
 1 file changed, 1 insertion(+), 1 deletion(-)
git.exe : error: Your local changes to the following files would be overwritten by merge:
At C:\Users\user\Documents\Obsidian Vault\01_内容系统\系统\scripts\sync-vault.ps1:25 char:5
+     & $git -C $repo stash pop *>> $log
+     ~~~~~~~~~~~~~~~~~~~~~~~~~~~~~~~~~~
    + CategoryInfo          : NotSpecified: (error: Your loc...itten by merge::String) [], RemoteException
    + FullyQualifiedErrorId : NativeCommandError
 
	01_内容系统/系统/scripts/sync-vault.log
Please commit your changes or stash them before you merge.
Aborting
On branch main
Your branch is up to date with 'origin/vault-backup'.

Changes not staged for commit:
  (use "git add <file>..." to update what will be committed)
  (use "git restore <file>..." to discard changes in working directory)
	modified:   "01_\345\206\205\345\256\271\347\263\273\347\273\237/\347\263\273\347\273\237/scripts/sync-vault.log"

no changes added to commit (use "git add" and/or "git commit -a")
The stash entry is kept in case you need it again.
[2026-08-08 00:46:52] FATAL: 同步中止——远程改动与本地改动冲突，数据已保留（stash 未丢），需人工处理
[2026-08-08 00:47:04] === sync start ===
git.exe : From https://github.com/VerticalFall/obsidian-vault
At C:\Users\user\Documents\Obsidian Vault\01_内容系统\系统\scripts\sync-vault.ps1:18 char:1
+ & $git -C $repo pull --ff-only origin vault-backup *>> $log
+ ~~~~~~~~~~~~~~~~~~~~~~~~~~~~~~~~~~~~~~~~~~~~~~~~~~~~~~~~~~~
    + CategoryInfo          : NotSpecified: (From https://gi.../obsidian-vault:String) [], RemoteException
    + FullyQualifiedErrorId : NativeCommandError
 
 * branch            vault-backup -> FETCH_HEAD
Already up to date.
